[vagrant@turchin-vbox10 ~]$ rpm -qa --queryformat "%{NAME} %{ARCH}\n" sqlite
sqlite x86_64


Find out what dependencies a uninstalled rpm file called mediawiki-1.4rc1-4.i586.rpm:
# rpm -qpR mediawiki-1.4rc1-4.i586.rpm

It will print list of dependencies on screen (output):

mod_php
php-session
php-gettext
php-zlib
php-mysql
ImageMagick-Magick++
tetex
cjk-latex
rpmlib(PayloadFilesHavePrefix)


sudo yum -y install yum-utils



to find dependencies
[vagrant@turchin-vbox10 ~]$ rpm -q --whatrequires  rpcbind
nfs-utils-1.2.3-64.el6.x86_64
[vagrant@turchin-vbox10 ~]$ rpm -q --whatrequires  openssl
postfix-2.6.6-6.el6_5.x86_64




________

Installing:
 gcc                                                                x86_64                                                     4.4.7-17.el6                                                              base                                                         10 M
Installing for dependencies:
 cpp                                                                x86_64                                                     4.4.7-17.el6                                                              base                                                        3.7 M
 glibc-devel                                                        x86_64                                                     2.12-1.192.el6                                                            base                                                        988 k
 glibc-headers                                                      x86_64                                                     2.12-1.192.el6                                                            base                                                        617 k
 kernel-headers                                                     x86_64                                                     2.6.32-642.3.1.el6                                                        updates                                                     4.4 M
Updating for dependencies:
 glibc                                                              x86_64                                                     2.12-1.192.el6                                                            base                                                        3.8 M
 glibc-common                                                       x86_64                                                     2.12-1.192.el6                                                            base                                                         14 M
 libgcc                                                             x86_64                                                     4.4.7-17.el6                                                              base                                                        103 k
 libgomp                                                            x86_64                                                     4.4.7-17.el6                                                              base                                                        134 k
 tzdata                                                             noarch                                                     2016f-1.el6                                                               updates                                                     452 k

Transaction Summary
===========================================================================================================================================================================================================================================================================
Install       5 Package(s)
Upgrade       5 Package(s)
----------









[vagrant@turchin-vbox10 ~]$ rpm -q --whatrequires  gcc-
no package requires gcc-
[vagrant@turchin-vbox10 ~]$ rpm -q --whatrequires  cpp
gcc-4.4.7-17.el6.x86_64
[vagrant@turchin-vbox10 ~]$ rpm -q --whatrequires  gcc
no package requires gcc
[vagrant@turchin-vbox10 ~]$ rpm -qR gcc
/bin/sh
/bin/sh
/bin/sh
/sbin/install-info
/sbin/install-info
binutils >= 2.19.51.0.14-33
cloog-ppl >= 0.15
cpp = 4.4.7-17.el6
glibc-devel >= 2.2.90-12
libc.so.6()(64bit)
libc.so.6(GLIBC_2.11)(64bit)
libc.so.6(GLIBC_2.2.5)(64bit)
libc.so.6(GLIBC_2.3)(64bit)
libc.so.6(GLIBC_2.4)(64bit)
libc.so.6(GLIBC_2.7)(64bit)
libgcc >= 4.4.7-17.el6
libgcc_s.so.1()(64bit)
libgomp = 4.4.7-17.el6
libgomp.so.1()(64bit)
rpmlib(CompressedFileNames) <= 3.0.4-1
rpmlib(FileDigests) <= 4.6.0-1
rpmlib(PartialHardlinkSets) <= 4.0.4-1
rpmlib(PayloadFilesHavePrefix) <= 4.0-1
rpmlib(VersionedDependencies) <= 3.0.3-1
rtld(GNU_HASH)
rpmlib(PayloadIsXz) <= 5.2-1
[vagrant@turchin-vbox10 ~]$






[vagrant@turchin-vbox10 ~]$ repoquery --requires --resolve gcc
Failed to set locale, defaulting to C
gcc-0:4.4.7-17.el6.x86_64
info-0:4.13a-8.el6.x86_64
libgomp-0:4.4.7-17.el6.i686
bash-0:4.1.2-40.el6.x86_64
cloog-ppl-0:0.15.7-1.2.el6.i686
libgcc-0:4.4.7-17.el6.x86_64
binutils-0:2.20.51.0.2-5.44.el6.x86_64
glibc-devel-0:2.12-1.192.el6.i686
glibc-0:2.12-1.192.el6.i686
glibc-0:2.12-1.192.el6.x86_64
cpp-0:4.4.7-17.el6.x86_64
libgcc-0:4.4.7-17.el6.i686
libgomp-0:4.4.7-17.el6.x86_64
cloog-ppl-0:0.15.7-1.2.el6.x86_64
glibc-devel-0:2.12-1.192.el6.x86_64
[vagrant@turchin-vbox10 ~]$


#### BEST WAY to FIND Dependencies #######

[vagrant@turchin-vbox10 vagrant]$ yum deplist gcc
Failed to set locale, defaulting to C
Loaded plugins: fastestmirror
Finding dependencies:
Loading mirror speeds from cached hostfile
 * base: centos.mirrors.psw.services
 * extras: mirror.de.leaseweb.net
 * updates: centos.mirrors.psw.services
package: gcc.x86_64 4.4.7-17.el6
  dependency: libgomp = 4.4.7-17.el6
   provider: libgomp.i686 4.4.7-17.el6
   provider: libgomp.x86_64 4.4.7-17.el6
  dependency: /sbin/install-info
   provider: info.x86_64 4.13a-8.el6
  dependency: libgomp.so.1()(64bit)
   provider: libgomp.x86_64 4.4.7-17.el6
  dependency: cloog-ppl >= 0.15
   provider: cloog-ppl.i686 0.15.7-1.2.el6
   provider: cloog-ppl.x86_64 0.15.7-1.2.el6
  dependency: glibc-devel >= 2.2.90-12
   provider: glibc-devel.i686 2.12-1.192.el6
   provider: glibc-devel.x86_64 2.12-1.192.el6
  dependency: libc.so.6(GLIBC_2.7)(64bit)
   provider: glibc.x86_64 2.12-1.192.el6
  dependency: binutils >= 2.19.51.0.14-33
   provider: binutils.x86_64 2.20.51.0.2-5.44.el6
  dependency: cpp = 4.4.7-17.el6
   provider: cpp.x86_64 4.4.7-17.el6
  dependency: libgcc >= 4.4.7-17.el6
   provider: libgcc.x86_64 4.4.7-17.el6
   provider: libgcc.i686 4.4.7-17.el6
  dependency: rtld(GNU_HASH)
   provider: glibc.i686 2.12-1.192.el6
   provider: glibc.x86_64 2.12-1.192.el6
  dependency: /bin/sh
   provider: bash.x86_64 4.1.2-40.el6
  dependency: libgcc_s.so.1()(64bit)
   provider: libgcc.x86_64 4.4.7-17.el6
[vagrant@turchin-vbox10 vagrant]$








########################################################################################################



I yum updated stage host and installed my application
After 1 week I have to install my application on production
but I want to yum update the host and the update should only update the changes related till last week.

Note:- Stage and Live are running same OS and are in sync.


Solution: -

Stage: yum update.

You can gather the package details which are going to updated on the stage node (yum check-update or yum update)

Now you know what packages are installed on stage.

Gather all the stats, either manually or script.


[xxxxxx@webserver-stage-100 ~]$ ./update.py | xargs
audit-2.4.5-3.el6.x86_64 audit-libs-2.4.5-3.el6.x86_64 bash-4.1.2-40.el6.x86_64 binutils-2.20.51.0.2-5.44.el6.x86_64 ca-certificates-2015.2.6-65.0.1.el6_7.noarch centos-release-6-8.el6.centos.12.3.x86_64 chkconfig-1.3.49.5-1.el6.x86_64 coreutils-8.4-43.el6.x86_64 coreutils-libs-8.4-43.el6.x86_64 cronie-1.4.4-15.el6_7.1.x86_64 cronie-anacron-1.4.4-15.el6_7.1.x86_64 curl-7.19.7-52.el6.x86_64 db4-4.7.25-20.el6_7.x86_64 db4-utils-4.7.25-20.el6_7.x86_64 device-mapper-1.02.117-7.el6.x86_64 device-mapper-event-1.02.117-7.el6.x86_64 device-mapper-event-libs-1.02.117-7.el6.x86_64 device-mapper-libs-1.02.117-7.el6.x86_64 device-mapper-persistent-data-0.6.2-0.1.rc7.el6.x86_64 dhclient-4.1.1-51.P1.el6.centos.x86_64 dhcp-common-4.1.1-51.P1.el6.centos.x86_64 dracut-004-409.el6_8.2.noarch dracut-kernel-004-409.el6_8.2.noarch elfutils-libelf-0.164-2.el6.x86_64 elfutils-libs-0.164-2.el6.x86_64 file-5.04-30.el6.x86_64 file-libs-5.04-30.el6.x86_64 findutils-4.4.2-9.el6.x86_64 gawk-3.1.7-10.el6_7.3.x86_64 gdbm-1.8.0-39.el6.x86_64 glib2-2.28.8-5.el6.x86_64 glibc-2.12-1.192.el6.x86_64 glibc-common-2.12-1.192.el6.x86_64 gmp-4.3.1-10.el6.x86_64 grep-2.20-3.el6_7.1.x86_64 grub-0.97-94.el6_7.1.x86_64 hwdata-0.233-16.1.el6.noarch initscripts-9.03.53-1.el6.centos.1.x86_64 iproute-2.6.32-54.el6.x86_64 iputils-20071127-21.el6.x86_64 kernel-2.6.32-642.3.1.el6.x86_64 kernel-firmware-2.6.32-642.3.1.el6.noarch kexec-tools-2.0.0-300.el6.x86_64 kpartx-0.4.9-93.el6.x86_64 krb5-libs-1.10.3-57.el6.x86_64 libblkid-2.17.2-12.24.el6.x86_64 libcurl-7.19.7-52.el6.x86_64 libdrm-2.4.65-2.el6.x86_64 libgcc-4.4.7-17.el6.x86_64 libgomp-4.4.7-17.el6.x86_64 libpciaccess-0.13.4-1.el6.x86_64 libselinux-2.0.94-7.el6.x86_64 libselinux-utils-2.0.94-7.el6.x86_64 libssh2-1.4.2-2.el6_7.1.x86_64 libstdc++-4.4.7-17.el6.x86_64 libtirpc-0.2.1-11.el6.x86_64 libudev-147-2.73.el6.x86_64 libuser-0.56.13-8.el6_7.x86_64 libuuid-2.17.2-12.24.el6.x86_64 libxml2-2.7.6-21.el6_8.1.x86_64 logrotate-3.7.8-26.el6_7.x86_64 lvm2-2.02.143-7.el6.x86_64 lvm2-libs-2.02.143-7.el6.x86_64 make-3.81-23.el6.x86_64 mdadm-3.3.4-1.el6_8.5.x86_64 mysql-libs-5.1.73-7.el6.x86_64 nfs-utils-1.2.3-70.el6_8.1.x86_64 nspr-4.11.0-1.el6.x86_64 nss-3.21.0-8.el6.x86_64 nss-softokn-3.14.3-23.3.el6_8.x86_64 nss-softokn-freebl-3.14.3-23.3.el6_8.x86_64 nss-sysinit-3.21.0-8.el6.x86_64 nss-tools-3.21.0-8.el6.x86_64 nss-util-3.21.0-2.el6.x86_64 openldap-2.4.40-12.el6.x86_64 openssh-5.3p1-118.1.el6_8.x86_64 openssh-clients-5.3p1-118.1.el6_8.x86_64 openssh-server-5.3p1-118.1.el6_8.x86_64 openssl-1.0.1e-48.el6_8.1.x86_64 pam-1.1.1-22.el6.x86_64 passwd-0.77-7.el6.x86_64 policycoreutils-2.0.83-29.el6.x86_64 postfix-2.6.6-6.el6_7.1.x86_64 procps-3.2.8-36.el6.x86_64 python-pycurl-7.19.0-9.el6.x86_64 python-urlgrabber-3.9.1-11.el6.noarch rpcbind-0.2.0-12.el6.x86_64 rpm-4.8.0-55.el6.x86_64 rpm-libs-4.8.0-55.el6.x86_64 rpm-python-4.8.0-55.el6.x86_64 selinux-policy-3.7.19-292.el6.noarch selinux-policy-targeted-3.7.19-292.el6.noarch shadow-utils-4.1.5.1-5.el6.x86_64 sudo-1.8.6p3-24.el6.x86_64 tar-1.23-15.el6_8.x86_64 tcp_wrappers-libs-7.6-58.el6.x86_64 tzdata-2016f-1.el6.noarch udev-147-2.73.el6.x86_64 upstart-0.6.5-16.el6.x86_64 util-linux-ng-2.17.2-12.24.el6.x86_64 wget-1.12-8.el6.x86_64 yum-3.2.29-75.el6.centos.noarch yum-plugin-fastestmirror-1.1.30-37.el6.noarch


Now on Live we can run yum install package instead of update and we should have similar package/update as stage.
	

[xxxxxx@webserver-live-100 ~]$ sudo yum install audit-2.4.5-3.el6.x86_64 audit-libs-2.4.5-3.el6.x86_64 bash-4.1.2-40.el6.x86_64 binutils-2.20.51.0.2-5.44.el6.x86_64 ca-certificates-2015.2.6-65.0.1.el6_7.noarch centos-release-6-8.el6.centos.12.3.x86_64 chkconfig-1.3.49.5-1.el6.x86_64 coreutils-8.4-43.el6.x86_64 coreutils-libs-8.4-43.el6.x86_64 cronie-1.4.4-15.el6_7.1.x86_64 cronie-anacron-1.4.4-15.el6_7.1.x86_64 curl-7.19.7-52.el6.x86_64 db4-4.7.25-20.el6_7.x86_64 db4-utils-4.7.25-20.el6_7.x86_64 device-mapper-1.02.117-7.el6.x86_64 device-mapper-event-1.02.117-7.el6.x86_64 device-mapper-event-libs-1.02.117-7.el6.x86_64 device-mapper-libs-1.02.117-7.el6.x86_64 device-mapper-persistent-data-0.6.2-0.1.rc7.el6.x86_64 dhclient-4.1.1-51.P1.el6.centos.x86_64 dhcp-common-4.1.1-51.P1.el6.centos.x86_64 dracut-004-409.el6_8.2.noarch dracut-kernel-004-409.el6_8.2.noarch elfutils-libelf-0.164-2.el6.x86_64 elfutils-libs-0.164-2.el6.x86_64 file-5.04-30.el6.x86_64 file-libs-5.04-30.el6.x86_64 findutils-4.4.2-9.el6.x86_64 gawk-3.1.7-10.el6_7.3.x86_64 gdbm-1.8.0-39.el6.x86_64 glib2-2.28.8-5.el6.x86_64 glibc-2.12-1.192.el6.x86_64 glibc-common-2.12-1.192.el6.x86_64 gmp-4.3.1-10.el6.x86_64 grep-2.20-3.el6_7.1.x86_64 grub-0.97-94.el6_7.1.x86_64 hwdata-0.233-16.1.el6.noarch initscripts-9.03.53-1.el6.centos.1.x86_64 iproute-2.6.32-54.el6.x86_64 iputils-20071127-21.el6.x86_64 kernel-2.6.32-642.3.1.el6.x86_64 kernel-firmware-2.6.32-642.3.1.el6.noarch kexec-tools-2.0.0-300.el6.x86_64 kpartx-0.4.9-93.el6.x86_64 krb5-libs-1.10.3-57.el6.x86_64 libblkid-2.17.2-12.24.el6.x86_64 libcurl-7.19.7-52.el6.x86_64 libdrm-2.4.65-2.el6.x86_64 libgcc-4.4.7-17.el6.x86_64 libgomp-4.4.7-17.el6.x86_64 libpciaccess-0.13.4-1.el6.x86_64 libselinux-2.0.94-7.el6.x86_64 libselinux-utils-2.0.94-7.el6.x86_64 libssh2-1.4.2-2.el6_7.1.x86_64 libstdc++-4.4.7-17.el6.x86_64 libtirpc-0.2.1-11.el6.x86_64 libudev-147-2.73.el6.x86_64 libuser-0.56.13-8.el6_7.x86_64 libuuid-2.17.2-12.24.el6.x86_64 libxml2-2.7.6-21.el6_8.1.x86_64 logrotate-3.7.8-26.el6_7.x86_64 lvm2-2.02.143-7.el6.x86_64 lvm2-libs-2.02.143-7.el6.x86_64 make-3.81-23.el6.x86_64 mdadm-3.3.4-1.el6_8.5.x86_64 mysql-libs-5.1.73-7.el6.x86_64 nfs-utils-1.2.3-70.el6_8.1.x86_64 nspr-4.11.0-1.el6.x86_64 nss-3.21.0-8.el6.x86_64 nss-softokn-3.14.3-23.3.el6_8.x86_64 nss-softokn-freebl-3.14.3-23.3.el6_8.x86_64 nss-sysinit-3.21.0-8.el6.x86_64 nss-tools-3.21.0-8.el6.x86_64 nss-util-3.21.0-2.el6.x86_64 openldap-2.4.40-12.el6.x86_64 openssh-5.3p1-118.1.el6_8.x86_64 openssh-clients-5.3p1-118.1.el6_8.x86_64 openssh-server-5.3p1-118.1.el6_8.x86_64 openssl-1.0.1e-48.el6_8.1.x86_64 pam-1.1.1-22.el6.x86_64 passwd-0.77-7.el6.x86_64 policycoreutils-2.0.83-29.el6.x86_64 postfix-2.6.6-6.el6_7.1.x86_64 procps-3.2.8-36.el6.x86_64 python-pycurl-7.19.0-9.el6.x86_64 python-urlgrabber-3.9.1-11.el6.noarch rpcbind-0.2.0-12.el6.x86_64 rpm-4.8.0-55.el6.x86_64 rpm-libs-4.8.0-55.el6.x86_64 rpm-python-4.8.0-55.el6.x86_64 selinux-policy-3.7.19-292.el6.noarch selinux-policy-targeted-3.7.19-292.el6.noarch shadow-utils-4.1.5.1-5.el6.x86_64 sudo-1.8.6p3-24.el6.x86_64 tar-1.23-15.el6_8.x86_64 tcp_wrappers-libs-7.6-58.el6.x86_64 tzdata-2016f-1.el6.noarch udev-147-2.73.el6.x86_64 upstart-0.6.5-16.el6.x86_64 util-linux-ng-2.17.2-12.24.el6.x86_64 wget-1.12-8.el6.x86_64 yum-3.2.29-75.el6.centos.noarch yum-plugin-fastestmirror-1.1.30-37.el6.noarch



If some else installs the package we can know using yum history and get to know what packages were installed, it is always better to have configuration management tool to do such updates.


[xxxxxx@webserver-stage-100 ~]$ sudo yum history
Failed to set locale, defaulting to C
Loaded plugins: fastestmirror, versionlock
ID     | Login user               | Date and time    | Action(s)      | Altered
-------------------------------------------------------------------------------
     5 | xxxxxx <xxxxx>        | 2016-08-10 08:15 | Install        |   10   
     4 | xxxxxxx <xxxxx>        | 2016-08-09 09:44 | Update         |    1   
     3 | xxxxxx <xxxxx>        | 2016-08-09 09:39 | Install        |    1   
     2 | xxxxx <xxxxx>        | 2016-05-21 19:51 | Erase          |   12   
     1 | System <unset>           | 2016-05-21 12:48 | Install        |  226   
history list
[xxxxxx@webserver-stage-100 ~]$ 




[xxxx@webserver-stage-100 ~]$ sudo yum history info 5
Failed to set locale, defaulting to C
Loaded plugins: fastestmirror, versionlock
Transaction ID : 5
Begin time     : Wed Aug 10 08:15:44 2016
Begin rpmdb    : 215:7c613d4c16e21563b9bea51647a8476a6b6cd2ad
End time       :            08:15:50 2016 (6 seconds)
End rpmdb      : 225:c32c284ca59e1414896740dd707a00b1d6a9615d
User           : xxxxxxxxx
Return-Code    : Success
Command Line   : install vim
Transaction performed with:
    Installed     rpm-4.8.0-47.el6.x86_64                       @anaconda-CentOS-201508042137.x86_64/6.7
    Installed     yum-3.2.29-69.el6.centos.noarch               @anaconda-CentOS-201508042137.x86_64/6.7
    Installed     yum-plugin-fastestmirror-1.1.30-30.el6.noarch @anaconda-CentOS-201508042137.x86_64/6.7
Packages Altered:
    Dep-Install gpm-libs-1.20.6-12.el6.x86_64                   @base
    Dep-Install perl-4:5.10.1-141.el6_7.1.x86_64                @base
    Dep-Install perl-Module-Pluggable-1:3.90-141.el6_7.1.x86_64 @base
    Dep-Install perl-Pod-Escapes-1:1.04-141.el6_7.1.x86_64      @base
    Dep-Install perl-Pod-Simple-1:3.13-141.el6_7.1.x86_64       @base
    Dep-Install perl-libs-4:5.10.1-141.el6_7.1.x86_64           @base
    Dep-Install perl-version-3:0.77-141.el6_7.1.x86_64          @base
    Dep-Install vim-common-2:7.4.629-5.el6.x86_64               @base
    Install     vim-enhanced-2:7.4.629-5.el6.x86_64             @base
    Dep-Install vim-filesystem-2:7.4.629-5.el6.x86_64           @base
history info
[xxxxxxx@webserver-stage-100 ~]$ 


We can also use yum version-lock to to install or upgrade a package to a fixed specific package version.


